Initial S :
 [[ 0.2]
 [ 0.7]
 [ 0.8]]
K après :
 [[-0.99824561 -1.00175439  0.99780702]
 [ 0.99894737 -0.99894737  1.00131579]
 [-0.9954386   0.9954386   0.99429825]]
K après :
 [[-0.99686787 -1.00331694  0.99627842]
 [ 0.99749604 -0.99730136  1.00292603]
 [-0.9908504   0.99023492  0.98920765]]
0 iterations
K après :
 [[-0.99564968 -1.00476943  0.99496892]
 [ 0.99594661 -0.99545393  1.00459159]
 [-0.98632882  0.98484372  0.98434719]]
1 iterations
K après :
 [[-0.99456637 -1.00611703  0.99383077]
 [ 0.99433236 -0.99344586  1.00628756]
 [-0.9818843   0.9793149   0.97967767]]
2 iterations
K après :
 [[-0.99359449 -1.00736964  0.99282644]
 [ 0.99267665 -0.99131188  1.00799856]
 [-0.97751796  0.97368728  0.97516551]]
3 iterations
K après :
 [[-0.99271243 -1.0085401   0.99192528]
 [ 0.99099673 -0.98908268  1.00971486]
 [-0.97322599  0.96799201  0.97078062]]
4 iterations
K après :
 [[-0.99190056 -1.00964289  0.99110165]
 [ 0.98930585 -0.98678593  1.01143021]
 [-0.96900202  0.96225449  0.9664955 ]]
5 iterations
K après :
 [[-0.99114118 -1.01069321  0.99033367]
 [ 0.98761462 -0.98444673  1.01314059]
 [-0.96483852  0.95649582  0.96228485]]
6 iterations
K après :
 [[-0.99041842 -1.01170628  0.98960236]
 [ 0.98593184 -0.98208804  1.01484329]
 [-0.96072767  0.95073379  0.95812536]]
7 iterations
K après :
 [[-0.98971802 -1.01269683  0.98889093]
 [ 0.98426509 -0.97973081  1.0165363 ]
 [-0.95666193  0.94498375  0.95399556]]
8 iterations
K après :
 [[-0.98902722 -1.0136787   0.98818433]
 [ 0.98262115 -0.97739419  1.01821784]
 [-0.95263436  0.93925915  0.94987587]]
9 iterations
K après :
 [[-0.98833459 -1.01466457  0.98746883]
 [ 0.98100625 -0.9750956   1.01988605]
 [-0.94863886  0.93357211  0.94574848]]
10 iterations
K après :
 [[-0.9876299  -1.01566575  0.98673174]
 [ 0.97942625 -0.97285081  1.0215387 ]
 [-0.94467029  0.92793374  0.94159741]]
11 iterations
K après :
 [[-0.98690406 -1.01669209  0.98596116]
 [ 0.97788677 -0.97067398  1.02317308]
 [-0.94072455  0.92235445  0.93740844]]
12 iterations
K après :
 [[-0.98614905 -1.01775181  0.98514588]
 [ 0.97639323 -0.96857768  1.02478583]
 [-0.93679862  0.91684411  0.93316917]]
13 iterations
K après :
 [[-0.98535782 -1.01885156  0.98427526]
 [ 0.97495088 -0.96657293  1.02637291]
 [-0.93289054  0.9114122   0.92886894]]
14 iterations
K après :
 [[-0.98452432 -1.01999633  0.98333918]
 [ 0.97356479 -0.96466919  1.02792958]
 [-0.92899938  0.90606783  0.92449889]]
15 iterations
K après :
 [[-0.98364346 -1.02118955  0.98232809]
 [ 0.9722398  -0.96287435  1.02945047]
 [-0.92512515  0.90081979  0.92005188]]
16 iterations
K après :
 [[-0.98271107 -1.0224331   0.98123297]
 [ 0.97098051 -0.96119481  1.03092956]
 [-0.92126882  0.8956765   0.91552246]]
17 iterations
K après :
 [[-0.98172391 -1.02372742  0.9800454 ]
 [ 0.96979118 -0.95963541  1.03236033]
 [-0.91743212  0.89064598  0.91090686]]
18 iterations
K après :
 [[-0.98067964 -1.02507163  0.97875765]
 [ 0.96867572 -0.95819957  1.03373587]
 [-0.91361752  0.88573576  0.90620287]]
19 iterations
K après :
 [[-0.97957679 -1.02646362  0.97736271]
 [ 0.96763758 -0.95688925  1.03504896]
 [-0.90982808  0.8809528   0.90140978]]
20 iterations
K après :
 [[-0.97841476 -1.02790024  0.97585437]
 [ 0.96667974 -0.95570507  1.03629226]
 [-0.90606735  0.87630342  0.89652831]]
21 iterations
K après :
 [[-0.97719372 -1.02937742  0.97422729]
 [ 0.96580462 -0.95464637  1.03745839]
 [-0.90233925  0.87179324  0.89156045]]
22 iterations
K après :
 [[-0.97591464 -1.03089036  0.97247701]
 [ 0.96501411 -0.95371134  1.03854011]
 [-0.89864795  0.86742708  0.88650933]]
23 iterations
K après :
 [[-0.97457914 -1.03243366  0.97060002]
 [ 0.96430948 -0.95289706  1.03953044]
 [-0.89499776  0.86320892  0.88137913]]
24 iterations
K après :
 [[-0.9731895  -1.03400152  0.96859376]
 [ 0.96369141 -0.95219973  1.04042276]
 [-0.89139302  0.85914186  0.87617487]]
25 iterations
K après :
 [[-0.97174855 -1.03558788  0.96645663]
 [ 0.96315999 -0.95161468  1.04121093]
 [-0.887838    0.85522813  0.87090232]]
26 iterations
K après :
 [[-0.97025956 -1.03718654  0.96418797]
 [ 0.96271472 -0.95113661  1.04188936]
 [-0.88433682  0.85146905  0.86556781]]
27 iterations
K après :
 [[-0.96872622 -1.03879135  0.96178798]
 [ 0.96235455 -0.95075966  1.04245309]
 [-0.88089337  0.84786509  0.86017808]]
28 iterations
K après :
 [[-0.96715253 -1.04039625  0.95925774]
 [ 0.96207793 -0.95047755  1.04289785]
 [-0.87751123  0.84441588  0.85474019]]
29 iterations
K après :
 [[-0.96554268 -1.04199546  0.95659912]
 [ 0.96188283 -0.95028374  1.04322006]
 [-0.87419367  0.84112025  0.84926131]]
30 iterations
K après :
 [[-0.96390105 -1.04358346  0.95381469]
 [ 0.9617668  -0.9501715   1.04341687]
 [-0.87094356  0.83797631  0.84374869]]
31 iterations
K après :
 [[-0.96223206 -1.04515516  0.95090766]
 [ 0.96172703 -0.95013405  1.04348613]
 [-0.86776338  0.83498153  0.83820948]]
32 iterations
K après :
 [[-0.96054016 -1.04670585  0.9478818 ]
 [ 0.96176043 -0.95016466  1.04342641]
 [-0.86465521  0.83213276  0.8326507 ]]
33 iterations
K après :
 [[-0.95882973 -1.04823131  0.94474135]
 [ 0.96186361 -0.95025669  1.04323695]
 [-0.86162068  0.8294264   0.82707912]]
34 iterations
K après :
 [[-0.95710508 -1.04972778  0.94149094]
 [ 0.96203305 -0.9504037   1.04291762]
 [-0.85866107  0.82685836  0.82150122]]
35 iterations
K après :
 [[-0.95537034 -1.05119198  0.93813552]
 [ 0.96226504 -0.95059951  1.04246889]
 [-0.85577721  0.82442425  0.81592312]]
36 iterations
K après :
 [[-0.95362949 -1.05262112  0.93468027]
 [ 0.96255581 -0.95083822  1.04189177]
 [-0.85296961  0.82211937  0.81035059]]
37 iterations
K après :
 [[-0.95188627 -1.05401286  0.93113054]
 [ 0.96290154 -0.95111424  1.04118776]
 [-0.8502384   0.81993884  0.80478898]]
38 iterations
K après :
 [[-0.95014422 -1.05536531  0.92749176]
 [ 0.9632984  -0.95142235  1.04035879]
 [-0.84758339  0.81787761  0.79924322]]
39 iterations
K après :
 [[-0.94840664 -1.05667699  0.92376945]
 [ 0.96374261 -0.95175767  1.0394072 ]
 [-0.84500412  0.81593055  0.79371782]]
40 iterations
K après :
 [[-0.94667654 -1.05794682  0.91996907]
 [ 0.96423044 -0.95211572  1.03833562]
 [-0.84249985  0.81409251  0.78821688]]
41 iterations
K après :
 [[-0.94495672 -1.05917406  0.91609608]
 [ 0.96475824 -0.95249236  1.03714701]
 [-0.84006963  0.81235833  0.78274407]]
42 iterations
K après :
 [[-0.9432497  -1.0603583   0.91215582]
 [ 0.96532251 -0.95288382  1.03584453]
 [-0.83771227  0.81072293  0.77730267]]
43 iterations
K après :
 [[-0.94155774 -1.06149943  0.90815352]
 [ 0.96591985 -0.95328668  1.03443155]
 [-0.83542644  0.80918127  0.77189558]]
44 iterations
K après :
 [[-0.93988289 -1.06259758  0.90409428]
 [ 0.96654699 -0.95369788  1.03291157]
 [-0.83321066  0.80772845  0.76652533]]
45 iterations
K après :
 [[-0.93822692 -1.06365311  0.89998302]
 [ 0.96720086 -0.95411467  1.03128823]
 [-0.83106331  0.8063597   0.76119412]]
46 iterations
K après :
 [[-0.93659141 -1.0646666   0.89582448]
 [ 0.96787849 -0.95453458  1.02956523]
 [-0.82898269  0.80507039  0.75590381]]
47 iterations
K après :
 [[-0.93497772 -1.06563876  0.89162323]
 [ 0.96857713 -0.95495547  1.02774633]
 [-0.82696702  0.80385605  0.75065599]]
48 iterations
K après :
 [[-0.933387   -1.06657047  0.88738361]
 [ 0.96929415 -0.95537544  1.0258353 ]
 [-0.82501444  0.8027124   0.74545197]]
49 iterations
K après :
 [[-0.93182021 -1.0674627   0.88310977]
 [ 0.97002712 -0.95579284  1.02383594]
 [-0.82312309  0.80163534  0.74029278]]
50 iterations
K après :
 [[-0.93027815 -1.06831655  0.87880567]
 [ 0.97077374 -0.95620626  1.02175201]
 [-0.82129104  0.80062092  0.73517927]]
51 iterations
K après :
 [[-0.92876146 -1.06913317  0.87447503]
 [ 0.9715319  -0.95661446  1.01958723]
 [-0.81951638  0.7996654   0.73011205]]
52 iterations
K après :
 [[-0.92727063 -1.06991377  0.87012139]
 [ 0.97229961 -0.95701644  1.01734529]
 [-0.81779719  0.79876524  0.72509155]]
53 iterations
K après :
 [[-0.925806   -1.07065961  0.8657481 ]
 [ 0.97307508 -0.95741133  1.01502981]
 [-0.81613154  0.79791704  0.72011804]]
54 iterations
K après :
 [[-0.9243678  -1.07137196  0.86135827]
 [ 0.97385661 -0.95779843  1.01264433]
 [-0.81451756  0.79711761  0.71519164]]
55 iterations
K après :
 [[-0.92295617 -1.07205214  0.85695488]
 [ 0.97464267 -0.95817718  1.01019233]
 [-0.81295336  0.79636392  0.71031233]]
56 iterations
K après :
 [[-0.92157112 -1.07270143  0.85254066]
 [ 0.97543185 -0.95854714  1.00767718]
 [-0.81143711  0.79565312  0.70547998]]
57 iterations
K après :
 [[-0.92021259 -1.07332115  0.84811823]
 [ 0.97622286 -0.95890797  1.00510217]
 [-0.80996701  0.79498251  0.70069435]]
58 iterations
K après :
 [[-0.91888043 -1.07391257  0.84368998]
 [ 0.97701455 -0.95925945  1.00247051]
 [-0.80854129  0.79434955  0.69595511]]
59 iterations
K après :
 [[-0.91757443 -1.07447697  0.83925818]
 [ 0.97780586 -0.95960142  0.9997853 ]
 [-0.80715825  0.79375186  0.69126187]]
60 iterations
K après :
 [[-0.91629431 -1.0750156   0.83482494]
 [ 0.97859582 -0.95993381  0.99704952]
 [-0.8058162   0.79318717  0.68661415]]
61 iterations
K après :
 [[-0.91503975 -1.07552966  0.83039219]
 [ 0.97938359 -0.9602566   0.9942661 ]
 [-0.80451353  0.7926534   0.68201142]]
62 iterations
K après :
 [[-0.91381038 -1.07602036  0.82596176]
 [ 0.98016839 -0.96056985  0.99143782]
 [-0.80324867  0.79214854  0.67745311]]
63 iterations
K après :
 [[-0.91260577 -1.07648882  0.82153533]
 [ 0.98094955 -0.96087364  0.98856739]
 [-0.80202009  0.79167075  0.67293859]]
64 iterations
K après :
 [[-0.91142548 -1.07693618  0.81711447]
 [ 0.98172646 -0.96116811  0.98565741]
 [-0.80082632  0.79121828  0.66846722]]
65 iterations
K après :
 [[-0.91026904 -1.07736351  0.8127006 ]
 [ 0.98249858 -0.96145342  0.98271039]
 [-0.79966594  0.79078949  0.66403832]]
66 iterations
K après :
 [[-0.90913595 -1.07777185  0.80829506]
 [ 0.98326545 -0.96172978  0.97972874]
 [-0.79853758  0.79038287  0.65965119]]
67 iterations
K après :
 [[-0.90802569 -1.07816218  0.80389908]
 [ 0.98402667 -0.9619974   0.97671477]
 [-0.79743993  0.78999697  0.65530512]]
68 iterations
Ok
G :
 [[ 0.6]
 [ 0.3]
 [ 0.3]]
Final S :
 [[ 0.59878608]
 [ 0.30042678]
 [ 0.30480639]]
